[0m
[0;3ï¿½ï¿½&ï¿½+
Bï¿½ï¿½ï¿½JBï¿½ï¿½ï¿½}ï¿½ï¿½ï¿½ï¿½ï¿½ At 3FFE0440 len 00003AE0 (14 KiB): D/IRAM[0m
[0;32mI (548) heap_init: At 3FFE43ï¿½ets Jul 29 2019 12:21:46

rst:0x1 (POWERON_RESET),boot:0x13 (SPI_FAST_FLASH_BOOT)
configsip: 0, SPIWP:0xee
clk_drv:0x00,q_drv:0x00,d_drv:0x00,cs0_drv:0x00,hd_drv:0x00,wp_drv:0x00
mode:DIO, clock div:2
load:0x3fff0030,len:7084
ho 0 tail 12 room 4
load:0x40078000,len:15584
load:0x40080400,len:4
load:0x40080404,len:3876
entry 0x4008064c
[0;32mI (31) boot: ESP-IDF v5.1.1-dirty 2nd stage bootloader[0m
[0;32mI (31) boot: compile time Oct 14 2023 20:49:58[0m
[0;32mI (31) boot: Multicore bootloader[0m
[0;32mI (36) boot: chip revision: v3.1[0m
[0;32mI (40) boot.esp32: SPI Speed      : 40MHz[0m
[0;32mI (44) boot.esp32: SPI Mode       : DIO[0m
[0;32mI (49) boot.esp32: SPI Flash Size : 4MB[0m
[0;32mI (53) boot: Enabling RNG early entropy source...[0m
[0;32mI (59) boot: Partition Table:[0m
[0;32mI (62) boot: ## Label            Usage          Type ST Offset   Length[0m
[0;32mI (70) boot:  0 nvs              WiFi data        01 02 00009000 00006000[0m
[0;32mI (77) boot:  1 phy_init         RF data          01 01 0000f000 00001000[0m
[0;32mI (85) boot:  2 factory          factory app      00 00 00010000 00100000[0m
[0;32mI (92) boot: End of partition table[0m
[0;32mI (96) esp_image: segment 0: paddr=00010020 vaddr=3f400020 size=270dch (159964) map[0m
[0;32mI (163) esp_image: segment 1: paddr=00037104 vaddr=3ffb0000 size=03790h ( 14224) load[0m
[0;32mI (168) esp_image: segment 2: paddr=0003a89c vaddr=40080000 size=0577ch ( 22396) load[0m
[0;32mI (178) esp_image: segment 3: paddr=00040020 vaddr=400d0020 size=9a8f8h (633080) map[0m
[0;32mI (407) esp_image: segment 4: paddr=000da920 vaddr=4008577c size=10ccch ( 68812) load[0m
[0;32mI (447) boot: Loaded app from partition at offset 0x10000[0m
[0;32mI (447) boot: Disabling RNG early entropy source...[0m
[0;32mI (458) cpu_start: Multicore app[0m
[0;32mI (459) cpu_start: Pro cpu up.[0m
[0;32mI (459) cpu_start: Starting app cpu, entry point is 0x40081458[0m
[0;32mI (0) cpu_start: App cpu up.[0m
[0;32mI (477) cpu_start: Pro cpu start user code[0m
[0;32mI (477) cpu_start: cpu freq: 160000000 Hz[0m
[0;32mI (477) cpu_start: Application information:[0m
[0;32mI (481) cpu_start: Project name:     mqtt_tcp[0m
[0;32mI (486) cpu_start: App version:      1[0m
[0;32mI (491) cpu_start: Compile time:     Dec  7 2023 11:57:31[0m
[0;32mI (497) cpu_start: ELF file SHA256:  11a10d365d3a7dcd...[0m
[0;32mI (503) cpu_start: ESP-IDF:          v5.1.1-dirty[0m
[0;32mI (508) cpu_start: Min chip rev:     v0.0[0m
[0;32mI (513) cpu_start: Max chip rev:     v3.99 [0m
[0;32mI (518) cpu_start: Chip rev:         v3.1[0m
[0;32mI (523) heap_init: Initializing. RAM available for dynamic allocation:[0m
[0;32mI (530) heap_init: At 3FFAE6E0 len 00001920 (6 KiB): DRAM[0m
[0;32mI (536) heap_init: At 3FFB7E58 len 000281A8 (160 KiB): DRAM[0m
[0;32mI (542) heap_init: At 3FFE0440 len 00003AE0 (14 KiB): D/IRAM[0m
[0;32mI (548) heap_init: At 3FFE4350 len 0001BCB0 (111 KiB): D/IRAM[0m
[0;32mI (555) heap_init: At 40096448 len 00009BB8 (38 KiB): IRAM[0m
[0;32mI (563) spi_flash: detected chip: generic[0m
[0;32mI (566) spi_flash: flash io: dio[0m
[0;32mI (571) app_start: Starting scheduler on CPU0[0m
[0;32mI (575) app_start: Starting scheduler on CPU1[0m
[0;32mI (575) main_task: Started on CPU0[0m
[0;32mI (585) main_task: Calling app_main()[0m
[0;32mI (585) MQTT_EXAMPLE: [APP] Startup..[0m
[0;32mI (585) MQTT_EXAMPLE: [APP] Free memory: 279288 bytes[0m
[0;32mI (595) MQTT_EXAMPLE: [APP] IDF version: v5.1.1-dirty[0m
[0;32mI (615) example_connect: Start example_connect.[0m
I (635) wifi:wifi driver task: 3ffbf9b0, prio:23, stack:6656, core=0
I (635) wifi:wifi firmware version: ce9244d
I (635) wifi:wifi certification version: v7.0
I (635) wifi:config NVS flash: enabled
I (635) wifi:config nano formating: disabled
I (645) wifi:Init data frame dynamic rx buffer num: 32
I (645) wifi:Init management frame dynamic rx buffer num: 32
I (655) wifi:Init management short buffer num: 32
I (655) wifi:Init dynamic tx buffer num: 32
I (655) wifi:Init static rx buffer size: 1600
I (665) wifi:Init static rx buffer num: 10
I (665) wifi:Init dynamic rx buffer num: 32
[0;32mI (675) wifi_init: rx ba win: 6[0m
[0;32mI (675) wifi_init: tcpip mbox: 32[0m
[0;32mI (675) wifi_init: udp mbox: 6[0m
[0;32mI (685) wifi_init: tcp mbox: 6[0m
[0;32mI (685) wifi_init: tcp tx win: 5744[0m
[0;32mI (695) wifi_init: tcp rx win: 5744[0m
[0;32mI (695) wifi_init: tcp mss: 1440[0m
[0;32mI (695) wifi_init: WiFi IRAM OP enabled[0m
[0;32mI (705) wifi_init: WiFi RX IRAM OP enabled[0m
[0;32mI (715) phy_init: phy_version 4670,719f9f6,Feb 18 2021,17:07:07[0m
I (825) wifi:mode : sta (24:dc:c3:a6:d0:28)
I (835) wifi:enable tsf
[0;32mI (835) example_connect: Connecting to AiThings...[0m
[0;32mI (835) example_connect: Waiting for IP(s)[0m
I (3245) wifi:new:<8,0>, old:<1,0>, ap:<255,255>, sta:<8,0>, prof:1
I (4405) wifi:state: init -> auth (b0)
I (4415) wifi:state: auth -> assoc (0)
I (4435) wifi:state: assoc -> run (10)
I (4565) wifi:connected with AiThings, aid = 2, channel 8, BW20, bssid = 50:42:89:02:a9:20
I (4575) wifi:security: WPA2-PSK, phy: bgn, rssi: -51
I (4575) wifi:pm start, type: 1

I (4635) wifi:AP's beacon interval = 102400 us, DTIM period = 1
[0;32mI (5615) example_connect: Got IPv6 event: Interface "example_netif_sta" address: fe80:0000:0000:0000:26dc:c3ff:fea6:d028, type: ESP_IP6_ADDR_IS_LINK_LOCAL[0m
I (10265) wifi:<ba-add>idx:0 (ifx:0, 50:42:89:02:a9:20), tid:0, ssn:1, winSize:64
[0;32mI (12575) esp_netif_handlers: example_netif_sta ip: 192.168.1.60, mask: 255.255.255.0, gw: 192.168.1.1[0m
[0;32mI (12575) example_connect: Got IPv4 event: Interface "example_netif_sta" address: 192.168.1.60[0m
[0;32mI (12585) example_common: Connected to example_netif_sta[0m
[0;32mI (12585) example_common: - IPv4 address: 192.168.1.60,[0m
[0;32mI (12595) example_common: - IPv6 address: fe80:0000:0000:0000:26dc:c3ff:fea6:d028, type: ESP_IP6_ADDR_IS_LINK_LOCAL[0m
[0;32mI (12605) uart: queue free spaces: 20[0m
[0;32mI (12605) uart: queue free spaces: 20[0m
[0;32mI (12615) MQTT_EXAMPLE: Other event id:7[0m
[0;32mI (12615) main_task: Returned from app_main()[0m
I (13645) wifi:<ba-add>idx:1 (ifx:0, 50:42:89:02:a9:20), tid:6, ssn:3, winSize:64
[0;32mI (13895) MQTT_EXAMPLE: MQTT_EVENT_CONNECTED[0m
[0;32mI (16715) MQTT_EXAMPLE: uart[2] event:[0m
[0;32mI (16715) MQTT_EXAMPLE: [UART DATA]: 57[0m
[0;32mI (16745) MQTT_EXAMPLE: MQTT_EVENT_PUBLISHED, msg_id=53614[0m
[0;32mI (21715) MQTT_EXAMPLE: uart[2] event:[0m
[0;32mI (21715) MQTT_EXAMPLE: [UART DATA]: 57[0m
[0;32mI (21895) MQTT_EXAMPLE: MQTT_EVENT_PUBLISHED, msg_id=17875[0m
[0;32mI (26715) MQTT_EXAMPLE: uart[2] event:[0m
[0;32mI (26715) MQTT_EXAMPLE: [UART DATA]: 57[0m
[0;32mI (26745) MQTT_EXAMPLE: MQTT_EVENT_PUBLISHED, msg_id=8972[0m
[0;32mI (31715) MQTT_EXAMPLE: uart[2] event:[0m
[0;32mI (31715) MQTT_EXAMPLE: [UART DATA]: 57[0m
[0;32mI (31745) MQTT_EXAMPLE: MQTT_EVENT_PUBLISHED, msg_id=6398[0m
[0;32mI (36715) MQTT_EXAMPLE: uart[2] event:[0m
[0;32mI (36715) MQTT_EXAMPLE: [UART DATA]: 57[0m
[0;32mI (36795) MQTT_EXAMPLE: MQTT_EVENT_PUBLISHED, msg_id=52658[0m
[0;32mI (41715) MQTT_EXAMPLE: uart[2] event:[0m
[0;32mI (41725) MQTT_EXAMPLE: [UART DATA]: 57[0m
[0;32mI (41755) MQTT_EXAMPLE: MQTT_EVENT_PUBLISHED, msg_id=30633[0m
[0;32mI (46725) MQTT_EXAMPLE: uart[2] event:[0m
[0;32mI (46725) MQTT_EXAMPLE: [UART DATA]: 57[0m
[0;32mI (46755) MQTT_EXAMPLE: MQTT_EVENT_PUBLISHED, msg_id=28360[0m
[0;32mI (51725) MQTT_EXAMPLE: uart[2] event:[0m
[0;32mI (51725) MQTT_EXAMPLE: [UART DATA]: 57[0m
[0;32mI (51745) MQTT_EXAMPLE: MQTT_EVENT_PUBLISHED, msg_id=35880[0m
[0;32mI (56645) MQTT_EXAMPLE: uart[2] event:[0m
[0;32mI (56645) MQTT_EXAMPLE: [UART DATA]: 57[0m
[0;32mI (61105) MQTT_EXAMPLE: MQTT_EVENT_PUBLISHED, msg_id=64228[0m
[0;32mI (61645) MQTT_EXAMPLE: uart[2] event:[0m
[0;32mI (61645) MQTT_EXAMPLE: [UART DATA]: 58[0m
[0;32mI (61695) MQTT_EXAMPLE: MQTT_EVENT_PUBLISHED, msg_id=57384[0m
[0;32mI (66645) MQTT_EXAMPLE: uart[2] event:[0m
[0;32mI (66645) MQTT_EXAMPLE: [UART DATA]: 57[0m
[0;32mI (66685) MQTT_EXAMPLE: MQTT_EVENT_PUBLISHED, msg_id=8439[0m
[0;32mI (71645) MQTT_EXAMPLE: uart[2] event:[0m
[0;32mI (71645) MQTT_EXAMPLE: [UART DATA]: 57[0m
[0;32mI (71705) MQTT_EXAMPLE: MQTT_EVENT_PUBLISHED, msg_id=758[0m
[0;32mI (76645) MQTT_EXAMPLE: uart[2] event:[0m
[0;32mI (76645) MQTT_EXAMPLE: [UART DATA]: 57[0m
[0;32mI (76685) MQTT_EXAMPLE: MQTT_EVENT_PUBLISHED, msg_id=63625[0m
[0;32mI (81645) MQTT_EXAMPLE: uart[2] event:[0m
[0;32mI (81645) MQTT_EXAMPLE: [UART DATA]: 57[0m
[0;32mI (81685) MQTT_EXAMPLE: MQTT_EVENT_PUBLISHED, msg_id=20760[0m
[0;32mI (86645) MQTT_EXAMPLE: uart[2] event:[0m
[0;32mI (86645) MQTT_EXAMPLE: [UART DATA]: 57[0m
[0;32mI (86695) MQTT_EXAMPLE: MQTT_EVENT_PUBLISHED, msg_id=43462[0m
[0;32mI (91645) MQTT_EXAMPLE: uart[2] event:[0m
[0;32mI (91655) MQTT_EXAMPLE: [UART DATA]: 57[0m
[0;32mI (91675) MQTT_EXAMPLE: MQTT_EVENT_PUBLISHED, msg_id=56432[0m
[0;32mI (96655) MQTT_EXAMPLE: uart[2] event:[0m
[0;32mI (96655) MQTT_EXAMPLE: [UART DATA]: 57[0m
[0;32mI (101655) MQTT_EXAMPLE: uart[2] event:[0m
[0;32mI (101655) MQTT_EXAMPLE: [UART DATA]: 57[0m
[0;32mI (106655) MQTT_EXAMPLE: uart[2] event:[0m
[0;32mI (106655) MQTT_EXAMPLE: [UART DATA]: 57[0m
[0;32mI (111655) MQTT_EXAMPLE: uart[2] event:[0m
[0;32mI (111655) MQTT_EXAMPLE: [UART DATA]: 57[0m
[0;32mI (116655) MQTT_EXAMPLE: uart[2] event:[0m
[0;32mI (116655) MQTT_EXAMPLE: [UART DATA]: 57[0m
[0;32mI (121655) MQTT_EXAMPLE: uart[2] event:[0m
[0;32mI (121655) MQTT_EXAMPLE: [UART DATA]: 57[0m
[0;32mI (126655) MQTT_EXAMPLE: uart[2] event:[0m
[0;32mI (126655) MQTT_EXAMPLE: [UART DATA]: 57[0m
[0;32mI (131655) MQTT_EXAMPLE: uart[2] event:[0m
[0;32mI (131655) MQTT_EXAMPLE: [UART DATA]: 57[0m
