 CPU1[0m
ï¿½ï¿½ï¿½ï¿½ï¿½wifi firmware version: ce9244d
I (635) wifi:wifi certification version: v7.0
I (635) wifi:config NVets Jul 29 2019 12:21:46

rst:0x1 (POWERON_RESET),boot:0x13 (SPI_FAST_FLASH_BOOT)
configsip: 0, SPIWP:0xee
clk_drv:0x00,q_drv:0x00,d_drv:0x00,cs0_drv:0x00,hd_drv:0x00,wp_drv:0x00
mode:DIO, clock div:2
load:0x3fff0030,len:7084
ho 0 tail 12 room 4
load:0x40078000,len:15584
load:0x40080400,len:4
load:0x40080404,len:3876
entry 0x4008064c
[0;32mI (31) boot: ESP-IDF v5.1.1-dirty 2nd stage bootloader[0m
[0;32mI (31) boot: compile time Oct 14 2023 20:49:58[0m
[0;32mI (31) boot: Multicore bootloader[0m
[0;32mI (36) boot: chip revision: v3.1[0m
[0;32mI (40) boot.esp32: SPI Speed      : 40MHz[0m
[0;32mI (44) boot.esp32: SPI Mode       : DIO[0m
[0;32mI (49) boot.esp32: SPI Flash Size : 4MB[0m
[0;32mI (53) boot: Enabling RNG early entropy source...[0m
[0;32mI (59) boot: Partition Table:[0m
[0;32mI (62) boot: ## Label            Usage          Type ST Offset   Length[0m
[0;32mI (70) boot:  0 nvs              WiFi data        01 02 00009000 00006000[0m
[0;32mI (77) boot:  1 phy_init         RF data          01 01 0000f000 00001000[0m
[0;32mI (85) boot:  2 factory          factory app      00 00 00010000 00100000[0m
[0;32mI (92) boot: End of partition table[0m
[0;32mI (96) esp_image: segment 0: paddr=00010020 vaddr=3f400020 size=2712ch (160044) map[0m
[0;32mI (163) esp_image: segment 1: paddr=00037154 vaddr=3ffb0000 size=03790h ( 14224) load[0m
[0;32mI (168) esp_image: segment 2: paddr=0003a8ec vaddr=40080000 size=0572ch ( 22316) load[0m
[0;32mI (178) esp_image: segment 3: paddr=00040020 vaddr=400d0020 size=9aa3ch (633404) map[0m
[0;32mI (407) esp_image: segment 4: paddr=000daa64 vaddr=4008572c size=10d1ch ( 68892) load[0m
[0;32mI (447) boot: Loaded app from partition at offset 0x10000[0m
[0;32mI (447) boot: Disabling RNG early entropy source...[0m
[0;32mI (458) cpu_start: Multicore app[0m
[0;32mI (459) cpu_start: Pro cpu up.[0m
[0;32mI (459) cpu_start: Starting app cpu, entry point is 0x40081458[0m
[0;32mI (0) cpu_start: App cpu up.[0m
[0;32mI (477) cpu_start: Pro cpu start user code[0m
[0;32mI (477) cpu_start: cpu freq: 160000000 Hz[0m
[0;32mI (477) cpu_start: Application information:[0m
[0;32mI (482) cpu_start: Project name:     mqtt_tcp[0m
[0;32mI (487) cpu_start: App version:      1[0m
[0;32mI (491) cpu_start: Compile time:     Dec 18 2023 09:09:33[0m
[0;32mI (497) cpu_start: ELF file SHA256:  8497505cd257e7c2...[0m
[0;32mI (503) cpu_start: ESP-IDF:          v5.1.1-dirty[0m
[0;32mI (508) cpu_start: Min chip rev:     v0.0[0m
[0;32mI (513) cpu_start: Max chip rev:     v3.99 [0m
[0;32mI (518) cpu_start: Chip rev:         v3.1[0m
[0;32mI (523) heap_init: Initializing. RAM available for dynamic allocation:[0m
[0;32mI (530) heap_init: At 3FFAE6E0 len 00001920 (6 KiB): DRAM[0m
[0;32mI (536) heap_init: At 3FFB7E58 len 000281A8 (160 KiB): DRAM[0m
[0;32mI (542) heap_init: At 3FFE0440 len 00003AE0 (14 KiB): D/IRAM[0m
[0;32mI (549) heap_init: At 3FFE4350 len 0001BCB0 (111 KiB): D/IRAM[0m
[0;32mI (555) heap_init: At 40096448 len 00009BB8 (38 KiB): IRAM[0m
[0;32mI (563) spi_flash: detected chip: generic[0m
[0;32mI (566) spi_flash: flash io: dio[0m
[0;32mI (571) app_start: Starting scheduler on CPU0[0m
[0;32mI (575) app_start: Starting scheduler on CPU1[0m
[0;32mI (575) main_task: Started on CPU0[0m
[0;32mI (585) main_task: Calling app_main()[0m
[0;32mI (585) MQTT_EXAMPLE: [APP] Startup..[0m
[0;32mI (585) MQTT_EXAMPLE: [APP] Free memory: 279288 bytes[0m
[0;32mI (595) MQTT_EXAMPLE: [APP] IDF version: v5.1.1-dirty[0m
[0;32mI (615) example_connect: Start example_connect.[0m
I (635) wifi:wifi driver task: 3ffbf9b0, prio:23, stack:6656, core=0
I (635) wifi:wifi firmware version: ce9244d
I (635) wifi:wifi certification version: v7.0
I (635) wifi:config NVS flash: enabled
I (635) wifi:config nano formating: disabled
I (645) wifi:Init data frame dynamic rx buffer num: 32
I (645) wifi:Init management frame dynamic rx buffer num: 32
I (655) wifi:Init management short buffer num: 32
I (655) wifi:Init dynamic tx buffer num: 32
I (655) wifi:Init static rx buffer size: 1600
I (665) wifi:Init static rx buffer num: 10
I (665) wifi:Init dynamic rx buffer num: 32
[0;32mI (675) wifi_init: rx ba win: 6[0m
[0;32mI (675) wifi_init: tcpip mbox: 32[0m
[0;32mI (675) wifi_init: udp mbox: 6[0m
[0;32mI (685) wifi_init: tcp mbox: 6[0m
[0;32mI (685) wifi_init: tcp tx win: 5744[0m
[0;32mI (695) wifi_init: tcp rx win: 5744[0m
[0;32mI (695) wifi_init: tcp mss: 1440[0m
[0;32mI (695) wifi_init: WiFi IRAM OP enabled[0m
[0;32mI (705) wifi_init: WiFi RX IRAM OP enabled[0m
[0;32mI (715) phy_init: phy_version 4670,719f9f6,Feb 18 2021,17:07:07[0m
I (825) wifi:mode : sta (24:dc:c3:a6:d0:28)
I (825) wifi:enable tsf
[0;32mI (835) example_connect: Connecting to Wifi ChÃ¹a :/...[0m
[0;32mI (835) example_connect: Waiting for IP(s)[0m
I (3245) wifi:new:<1,0>, old:<1,0>, ap:<255,255>, sta:<1,0>, prof:1
I (4405) wifi:state: init -> auth (b0)
I (4415) wifi:state: auth -> assoc (0)
I (4425) wifi:state: assoc -> run (10)
I (4445) wifi:connected with Wifi ChÃ¹a :/, aid = 2, channel 1, BW20, bssid = 26:d1:fa:05:6e:c0
I (4445) wifi:security: WPA2-PSK, phy: bgn, rssi: -38
I (4445) wifi:pm start, type: 1

I (4505) wifi:AP's beacon interval = 102400 us, DTIM period = 2
[0;32mI (5445) esp_netif_handlers: example_netif_sta ip: 192.168.252.97, mask: 255.255.255.0, gw: 192.168.252.115[0m
[0;32mI (5445) example_connect: Got IPv4 event: Interface "example_netif_sta" address: 192.168.252.97[0m
[0;32mI (5615) example_connect: Got IPv6 event: Interface "example_netif_sta" address: fe80:0000:0000:0000:26dc:c3ff:fea6:d028, type: ESP_IP6_ADDR_IS_LINK_LOCAL[0m
[0;32mI (5615) example_common: Connected to example_netif_sta[0m
[0;32mI (5625) example_common: - IPv4 address: 192.168.252.97,[0m
[0;32mI (5625) example_common: - IPv6 address: fe80:0000:0000:0000:26dc:c3ff:fea6:d028, type: ESP_IP6_ADDR_IS_LINK_LOCAL[0m
[0;32mI (5635) uart: queue free spaces: 20[0m
[0;32mI (5645) uart: queue free spaces: 20[0m
[0;32mI (5655) MQTT_EXAMPLE: Other event id:7[0m
[0;32mI (5655) main_task: Returned from app_main()[0m
[0;32mI (5925) MQTT_EXAMPLE: MQTT_EVENT_CONNECTED[0m
[0;32mI (5955) MQTT_EXAMPLE: MQTT_EVENT_SUBSCRIBED, msg_id=32607[0m
[0;32mI (15155) MQTT_EXAMPLE: uart[2] event:[0m
[0;32mI (15155) MQTT_EXAMPLE: [UART DATA]: 83[0m
[0;32mI (25155) MQTT_EXAMPLE: uart[2] event:[0m
[0;32mI (25155) MQTT_EXAMPLE: [UART DATA]: 83[0m
[0;32mI (32675) MQTT_EXAMPLE: MQTT_EVENT_DATA[0m
TOPIC=doan2/aithing/control
DATA=time:20231218091100
I (32845) wifi:<ba-add>idx:0 (ifx:0, 26:d1:fa:05:6e:c0), tid:0, ssn:16, winSize:64
[0;32mI (35155) MQTT_EXAMPLE: uart[2] event:[0m
[0;32mI (35165) MQTT_EXAMPLE: [UART DATA]: 83[0m
[0;32mI (45155) MQTT_EXAMPLE: uart[2] event:[0m
[0;32mI (45165) MQTT_EXAMPLE: [UART DATA]: 83[0m
[0;32mI (55165) MQTT_EXAMPLE: uart[2] event:[0m
[0;32mI (55165) MQTT_EXAMPLE: [UART DATA]: 82[0m
[0;32mI (65165) MQTT_EXAMPLE: uart[2] event:[0m
[0;32mI (65165) MQTT_EXAMPLE: [UART DATA]: 83[0m
[0;32mI (75165) MQTT_EXAMPLE: uart[2] event:[0m
[0;32mI (75165) MQTT_EXAMPLE: [UART DATA]: 83[0m
[0;32mI (78935) MQTT_EXAMPLE: uart[2] event:[0m
[0;32mI (78935) MQTT_EXAMPLE: uart rx break[0m
[0;32mI (78935) MQTT_EXAMPLE: uart[2] event:[0m
[0;32mI (78935) MQTT_EXAMPLE: uart rx break[0m
[0;32mI (78945) MQTT_EXAMPLE: uart[2] event:[0m
[0;32mI (78945) MQTT_EXAMPLE: uart rx break[0m
[0;32mI (78955) MQTT_EXAMPLE: uart[2] event:[0m
[0;32mI (78955) MQTT_EXAMPLE: uart rx break[0m
[0;32mI (78955) MQTT_EXAMPLE: uart[2] event:[0m
[0;32mI (78965) MQTT_EXAMPLE: [UART DATA]: 4[0m
I (3245) wifi:new:<1,0>, old:<1,0>, ap:<255,255>, sta:<1,0>, prof:1
I (4405) wifi:state: init -> auth (b0)
I (4415) wifi:state: auth -> assoc (0)
I (5415) wifi:state: assoc -> init (2700)
I (5415) wifi:new:<1,0>, old:<1,0>, ap:<255,255>, sta:<1,0>, prof:1
[0;32mI (5425) example_connect: Wi-Fi disconnected, trying to reconnect...[0m
[0;32mI (7835) example_connect: Wi-Fi disconnected, trying to reconnect...[0m
I (10255) wifi:new:<1,0>, old:<1,0>, ap:<255,255>, sta:<1,0>, prof:1
I (10255) wifi:state: init -> auth (b0)
I (10295) wifi:state: auth -> assoc (0)
I (10315) wifi:state: assoc -> run (10)
I (10385) wifi:connected with Wifi ChÃ¹a :/, aid = 2, channel 1, BW20, bssid = 26:d1:fa:05:6e:c0
I (10385) wifi:security: WPA2-PSK, phy: bgn, rssi: -45
I (10385) wifi:pm start, type: 1

I (10435) wifi:AP's beacon interval = 102400 us, DTIM period = 2
[0;32mI (11395) esp_netif_handlers: example_netif_sta ip: 192.168.252.97, mask: 255.255.255.0, gw: 192.168.252.115[0m
[0;32mI (11395) example_connect: Got IPv4 event: Interface "example_netif_sta" address: 192.168.252.97[0m
[0;32mI (11615) example_connect: Got IPv6 event: Interface "example_netif_sta" address: fe80:0000:0000:0000:26dc:c3ff:fea6:d028, type: ESP_IP6_ADDR_IS_LINK_LOCAL[0m
[0;32mI (11615) example_common: Connected to example_netif_sta[0m
[0;32mI (11625) example_common: - IPv4 address: 192.168.252.97,[0m
[0;32mI (11625) example_common: - IPv6 address: fe80:0000:0000:0000:26dc:c3ff:fea6:d028, type: ESP_IP6_ADDR_IS_LINK_LOCAL[0m
[0;32mI (11645) uart: queue free spaces: 20[0m
[0;32mI (11645) uart: queue free spaces: 20[0m
[0;32mI (11655) MQTT_EXAMPLE: Other event id:7[0m
[0;32mI (11655) main_task: Returned from app_main()[0m
[0;32mI (11785) MQTT_EXAMPLE: MQTT_EVENT_CONNECTED[0m
[0;32mI (11975) MQTT_EXAMPLE: MQTT_EVENT_SUBSCRIBED, msg_id=13968[0m
[0;32mI (12265) MQTT_EXAMPLE: uart[2] event:[0m
[0;32mI (12265) MQTT_EXAMPLE: [UART DATA]: 82[0m
[0;32mI (22265) MQTT_EXAMPLE: uart[2] event:[0m
[0;32mI (22265) MQTT_EXAMPLE: [UART DATA]: 82[0m
I (22315) wifi:<ba-add>idx:0 (ifx:0, 26:d1:fa:05:6e:c0), tid:0, ssn:16, winSize:64
[0;32mI (32265) MQTT_EXAMPLE: uart[2] event:[0m
[0;32mI (32265) MQTT_EXAMPLE: [UART DATA]: 82[0m
[0;32mI (42265) MQTT_EXAMPLE: uart[2] event:[0m
[0;32mI (42265) MQTT_EXAMPLE: [UART DATA]: 82[0m
[0;32mI (52265) MQTT_EXAMPLE: uart[2] event:[0m
[0;32mI (52265) MQTT_EXAMPLE: [UART DATA]: 82[0m
[0;32mI (62265) MQTT_EXAMPLE: uart[2] event:[0m
[0;32mI (62265) MQTT_EXAMPLE: [UART DATA]: 82[0m
[0;32mI (72265) MQTT_EXAMPLE: uart[2] event:[0m
[0;32mI (72265) MQTT_EXAMPLE: [UART DATA]: 82[0m
[0;32mI (82265) MQTT_EXAMPLE: uart[2] event:[0m
[0;32mI (82265) MQTT_EXAMPLE: [UART DATA]: 82[0m
[0;32mI (92275) MQTT_EXAMPLE: uart[2] event:[0m
[0;32mI (92275) MQTT_EXAMPLE: [UART DATA]: 82[0m
[0;32mI (102275) MQTT_EXAMPLE: uart[2] event:[0m
[0;32mI (102275) MQTT_EXAMPLE: [UART DATA]: 82[0m
[0;32mI (112275) MQTT_EXAMPLE: uart[2] event:[0m
[0;32mI (112275) MQTT_EXAMPLE: [UART DATA]: 82[0m
[0;32mI (122275) MQTT_EXAMPLE: uart[2] event:[0m
[0;32mI (122275) MQTT_EXAMPLE: [UART DATA]: 82[0m
[0;32mI (132275) MQTT_EXAMPLE: uart[2] event:[0m
[0;32mI (132275) MQTT_EXAMPLE: [UART DATA]: 82[0m
[0;32mI (142275) MQTT_EXAMPLE: uart[2] event:[0m
[0;32mI (142275) MQTT_EXAMPLE: [UART DATA]: 82[0m
